transmission:
    url: http://192.168.0.10:9091
sonarr:
    url: ""
    apikey: ""
radarr:
    url: ""
    apikey: ""
plex:
    url: ""
    username: email@example.com
    password: some-password
openvpn:
    bandwidth:
        filename: ""
    connectivity:
        proxy: ""
        token: ""
        interval: 5m0s
