# HELP mediamon_api_errors_total Number of failed Reporter API calls
# TYPE mediamon_api_errors_total counter
mediamon_api_errors_total{application="connectivity",method="GET",path="/"} 0
# HELP mediamon_plex_version version info
# TYPE mediamon_plex_version gauge
mediamon_plex_version{url="http://localhost",version=""} 1.0
# HELP mediamon_transmission_active_torrent_count Number of active torrents
# TYPE mediamon_transmission_active_torrent_count gauge
mediamon_transmission_active_torrent_count{url="http://localhost"} 1.0
# HELP mediamon_transmission_download_speed Transmission download speed in bytes / sec
# TYPE mediamon_transmission_download_speed gauge
mediamon_transmission_download_speed{url="http://localhost"} 100.0
# HELP mediamon_transmission_paused_torrent_count Number of paused torrents
# TYPE mediamon_transmission_paused_torrent_count gauge
mediamon_transmission_paused_torrent_count{url="http://localhost"} 2.0
# HELP mediamon_transmission_upload_speed Transmission upload speed in bytes / sec
# TYPE mediamon_transmission_upload_speed gauge
mediamon_transmission_upload_speed{url="http://localhost"} 25.0
# HELP mediamon_transmission_version version info
# TYPE mediamon_transmission_version gauge
mediamon_transmission_version{url="http://localhost",version="foo"} 1.0
# HELP mediamon_xxxarr_monitored_count Number of Monitored series / movies
# TYPE mediamon_xxxarr_monitored_count gauge
mediamon_xxxarr_monitored_count{application="radarr",url="http://localhost"} 2.0
mediamon_xxxarr_monitored_count{application="sonarr",url="http://localhost"} 5.0
# HELP mediamon_xxxarr_queued_count Episodes / movies being downloaded
# TYPE mediamon_xxxarr_queued_count gauge
mediamon_xxxarr_queued_count{application="radarr",url="http://localhost"} 0.0
mediamon_xxxarr_queued_count{application="sonarr",url="http://localhost"} 0.0
# HELP mediamon_xxxarr_unmonitored_count Number of Unmonitored series / movies
# TYPE mediamon_xxxarr_unmonitored_count gauge
mediamon_xxxarr_unmonitored_count{application="radarr",url="http://localhost"} 5.0
mediamon_xxxarr_unmonitored_count{application="sonarr",url="http://localhost"} 2.0
# HELP mediamon_xxxarr_version Version info
# TYPE mediamon_xxxarr_version gauge
mediamon_xxxarr_version{application="radarr",url="http://localhost",version="foo"} 1.0
mediamon_xxxarr_version{application="sonarr",url="http://localhost",version="foo"} 1.0
# HELP openvpn_client_status OpenVPN client status
# TYPE openvpn_client_status gauge
openvpn_client_status 0.0
# HELP openvpn_client_tcp_udp_read_bytes_total OpenVPN client bytes read
# TYPE openvpn_client_tcp_udp_read_bytes_total gauge
openvpn_client_tcp_udp_read_bytes_total 5.624951995e+09
# HELP openvpn_client_tcp_udp_write_bytes_total OpenVPN client bytes written
# TYPE openvpn_client_tcp_udp_write_bytes_total gauge
openvpn_client_tcp_udp_write_bytes_total 2048.0
